
=== CHECK-SCOPE RESPONSE (2025-12-09T15:09:18.158Z) ===
{"success":true,"userIds":[2,3,4,5,6,7,8,9,10,11,12,13,14,15,16,17,18,19,20,21,22,23,24,25,26,27,28,29,30,31,32,33,34,35,36,37,38,39,40,41,42,43,44,45,46,47,48,49,50,51,52,53,54,55,56,57,58,59,60,61,62,63,64,65,66,67,68,69,70,71,72,73,74,75,76,77,78,79,80,81,82,83,84,85,86,87,88,89,90,91,92,93,94,95,96,97,98,99,100,101,102,103,104,105,106,107,108,109,110,111,112],"scope":"global","message":"Scope check completed for permission: users"}

=== CHECK-SCOPE RESPONSE (2025-12-09T15:10:26.153Z) ===
{"success":true,"userIds":[2,3,4,5,6,7,8,9,10,11,12,13,14,15,16,17,18,19,20,21,22,23,24,25,26,27,28,29,30,31,32,33,34,35,36,37,38,39,40,41,42,43,44,45,46,47,48,49,50,51,52,53,54,55,56,57,58,59,60,61,62,63,64,65,66,67,68,69,70,71,72,73,74,75,76,77,78,79,80,81,82,83,84,85,86,87,88,89,90,91,92,93,94,95,96,97,98,99,100,101,102,103,104,105,106,107,108,109,110,111,112],"scope":"global","message":"Scope check completed for permission: users"}

=== CATCH in getMonthlySummariesByScope (2025-12-09T15:10:26.222Z) ===
DBError: select count(*) as "count" from "monthly_attendances" where "userId" in ($1, $2, $3, $4, $5, $6, $7, $8, $9, $10, $11, $12, $13, $14, $15, $16, $17, $18, $19, $20, $21, $22, $23, $24, $25, $26, $27, $28, $29, $30, $31, $32, $33, $34, $35, $36, $37, $38, $39, $40, $41, $42, $43, $44, $45, $46, $47, $48, $49, $50, $51, $52, $53, $54, $55, $56, $57, $58, $59, $60, $61, $62, $63, $64, $65, $66, $67, $68, $69, $70, $71, $72, $73, $74, $75, $76, $77, $78, $79, $80, $81, $82, $83, $84, $85, $86, $87, $88, $89, $90, $91, $92, $93, $94, $95, $96, $97, $98, $99, $100, $101, $102, $103, $104, $105, $106, $107, $108, $109, $110, $111) and not "userId" = $112 order by "month" desc - column "monthly_attendances.month" must appear in the GROUP BY clause or be used in an aggregate function
    at wrapError (E:\ĐỒ_ÁN_TỐT_NGHIỆP\backup\HUMAN-RESOURCE-MANAGEMENT-SYSTEMHUMAN-RESOURCE-MANAGEMENT-SYSTEM\node_modules\db-errors\lib\dbErrors.js:19:14)
    at handleExecuteError (E:\ĐỒ_ÁN_TỐT_NGHIỆP\backup\HUMAN-RESOURCE-MANAGEMENT-SYSTEMHUMAN-RESOURCE-MANAGEMENT-SYSTEM\node_modules\objection\lib\queryBuilder\QueryBuilder.js:1140:32)
    at QueryBuilder.execute (E:\ĐỒ_ÁN_TỐT_NGHIỆP\backup\HUMAN-RESOURCE-MANAGEMENT-SYSTEMHUMAN-RESOURCE-MANAGEMENT-SYSTEM\node_modules\objection\lib\queryBuilder\QueryBuilder.js:449:20)
    at process.processTicksAndRejections (node:internal/process/task_queues:95:5)
    at async Function.getMonthlySummariesByScope (E:\ĐỒ_ÁN_TỐT_NGHIỆP\backup\HUMAN-RESOURCE-MANAGEMENT-SYSTEMHUMAN-RESOURCE-MANAGEMENT-SYSTEM\services\attendance-service\src\services\AttendanceService.ts:125:29)
    at async Module.getMonthlySummariesByScopeController (E:\ĐỒ_ÁN_TỐT_NGHIỆP\backup\HUMAN-RESOURCE-MANAGEMENT-SYSTEMHUMAN-RESOURCE-MANAGEMENT-SYSTEM\services\attendance-service\src\controller\AttendanceController.ts:244:20)

=== CHECK-SCOPE RESPONSE (2025-12-09T15:12:21.881Z) ===
{"success":true,"userIds":[2,3,4,5,6,7,8,9,10,11,12,13,14,15,16,17,18,19,20,21,22,23,24,25,26,27,28,29,30,31,32,33,34,35,36,37,38,39,40,41,42,43,44,45,46,47,48,49,50,51,52,53,54,55,56,57,58,59,60,61,62,63,64,65,66,67,68,69,70,71,72,73,74,75,76,77,78,79,80,81,82,83,84,85,86,87,88,89,90,91,92,93,94,95,96,97,98,99,100,101,102,103,104,105,106,107,108,109,110,111,112],"scope":"global","message":"Scope check completed for permission: users"}
DB_COUNT:{"count":"294"}
DB_RESULTS_LENGTH:20

=== CHECK-SCOPE RESPONSE (2025-12-09T15:16:07.570Z) ===
{"success":true,"userIds":[2,3,4,5,6,7,8,9,10,11,12,13,14,15,16,17,18,19,20,21,22,23,24,25,26,27,28,29,30,31,32,33,34,35,36,37,38,39,40,41,42,43,44,45,46,47,48,49,50,51,52,53,54,55,56,57,58,59,60,61,62,63,64,65,66,67,68,69,70,71,72,73,74,75,76,77,78,79,80,81,82,83,84,85,86,87,88,89,90,91,92,93,94,95,96,97,98,99,100,101,102,103,104,105,106,107,108,109,110,111,112],"scope":"global","message":"Scope check completed for permission: users"}
DB_COUNT:{"count":"294"}
DB_RESULTS_LENGTH:20

=== CHECK-SCOPE RESPONSE (2025-12-09T15:16:14.382Z) ===
{"success":true,"userIds":[2,3,4,5,6,7,8,9,10,11,12,13,14,15,16,17,18,19,20,21,22,23,24,25,26,27,28,29,30,31,32,33,34,35,36,37,38,39,40,41,42,43,44,45,46,47,48,49,50,51,52,53,54,55,56,57,58,59,60,61,62,63,64,65,66,67,68,69,70,71,72,73,74,75,76,77,78,79,80,81,82,83,84,85,86,87,88,89,90,91,92,93,94,95,96,97,98,99,100,101,102,103,104,105,106,107,108,109,110,111,112],"scope":"global","message":"Scope check completed for permission: users"}
DB_COUNT:{"count":"294"}
DB_RESULTS_LENGTH:20

=== CHECK-SCOPE RESPONSE (2025-12-09T15:16:19.937Z) ===
{"success":true,"userIds":[2,3,4,5,6,7,8,9,10,11,12,13,14,15,16,17,18,19,20,21,22,23,24,25,26,27,28,29,30,31,32,33,34,35,36,37,38,39,40,41,42,43,44,45,46,47,48,49,50,51,52,53,54,55,56,57,58,59,60,61,62,63,64,65,66,67,68,69,70,71,72,73,74,75,76,77,78,79,80,81,82,83,84,85,86,87,88,89,90,91,92,93,94,95,96,97,98,99,100,101,102,103,104,105,106,107,108,109,110,111,112],"scope":"global","message":"Scope check completed for permission: users"}
DB_COUNT:{"count":"294"}
DB_RESULTS_LENGTH:20

=== CHECK-SCOPE RESPONSE (2025-12-09T15:16:24.341Z) ===
{"success":true,"userIds":[2,3,4,5,6,7,8,9,10,11,12,13,14,15,16,17,18,19,20,21,22,23,24,25,26,27,28,29,30,31,32,33,34,35,36,37,38,39,40,41,42,43,44,45,46,47,48,49,50,51,52,53,54,55,56,57,58,59,60,61,62,63,64,65,66,67,68,69,70,71,72,73,74,75,76,77,78,79,80,81,82,83,84,85,86,87,88,89,90,91,92,93,94,95,96,97,98,99,100,101,102,103,104,105,106,107,108,109,110,111,112],"scope":"global","message":"Scope check completed for permission: users"}
DB_COUNT:{"count":"294"}
DB_RESULTS_LENGTH:10

=== CHECK-SCOPE RESPONSE (2025-12-09T15:16:27.636Z) ===
{"success":true,"userIds":[2,3,4,5,6,7,8,9,10,11,12,13,14,15,16,17,18,19,20,21,22,23,24,25,26,27,28,29,30,31,32,33,34,35,36,37,38,39,40,41,42,43,44,45,46,47,48,49,50,51,52,53,54,55,56,57,58,59,60,61,62,63,64,65,66,67,68,69,70,71,72,73,74,75,76,77,78,79,80,81,82,83,84,85,86,87,88,89,90,91,92,93,94,95,96,97,98,99,100,101,102,103,104,105,106,107,108,109,110,111,112],"scope":"global","message":"Scope check completed for permission: users"}
DB_COUNT:{"count":"294"}
DB_RESULTS_LENGTH:10

=== CHECK-SCOPE RESPONSE (2025-12-09T15:16:28.995Z) ===
{"success":true,"userIds":[2,3,4,5,6,7,8,9,10,11,12,13,14,15,16,17,18,19,20,21,22,23,24,25,26,27,28,29,30,31,32,33,34,35,36,37,38,39,40,41,42,43,44,45,46,47,48,49,50,51,52,53,54,55,56,57,58,59,60,61,62,63,64,65,66,67,68,69,70,71,72,73,74,75,76,77,78,79,80,81,82,83,84,85,86,87,88,89,90,91,92,93,94,95,96,97,98,99,100,101,102,103,104,105,106,107,108,109,110,111,112],"scope":"global","message":"Scope check completed for permission: users"}
DB_COUNT:{"count":"294"}
DB_RESULTS_LENGTH:10

=== CHECK-SCOPE RESPONSE (2025-12-09T15:16:31.358Z) ===
{"success":true,"userIds":[2,3,4,5,6,7,8,9,10,11,12,13,14,15,16,17,18,19,20,21,22,23,24,25,26,27,28,29,30,31,32,33,34,35,36,37,38,39,40,41,42,43,44,45,46,47,48,49,50,51,52,53,54,55,56,57,58,59,60,61,62,63,64,65,66,67,68,69,70,71,72,73,74,75,76,77,78,79,80,81,82,83,84,85,86,87,88,89,90,91,92,93,94,95,96,97,98,99,100,101,102,103,104,105,106,107,108,109,110,111,112],"scope":"global","message":"Scope check completed for permission: users"}
DB_COUNT:{"count":"294"}
DB_RESULTS_LENGTH:10

=== CHECK-SCOPE RESPONSE (2025-12-09T15:16:32.846Z) ===
{"success":true,"userIds":[2,3,4,5,6,7,8,9,10,11,12,13,14,15,16,17,18,19,20,21,22,23,24,25,26,27,28,29,30,31,32,33,34,35,36,37,38,39,40,41,42,43,44,45,46,47,48,49,50,51,52,53,54,55,56,57,58,59,60,61,62,63,64,65,66,67,68,69,70,71,72,73,74,75,76,77,78,79,80,81,82,83,84,85,86,87,88,89,90,91,92,93,94,95,96,97,98,99,100,101,102,103,104,105,106,107,108,109,110,111,112],"scope":"global","message":"Scope check completed for permission: users"}
DB_COUNT:{"count":"294"}
DB_RESULTS_LENGTH:10

=== CHECK-SCOPE RESPONSE (2025-12-09T15:26:18.615Z) ===
{"success":true,"userIds":[2,3,4,5,6,7,8,9,10,11,12,13,14,15,16,17,18,19,20,21,22,23,24,25,26,27,28,29,30,31,32,33,34,35,36,37,38,39,40,41,42,43,44,45,46,47,48,49,50,51,52,53,54,55,56,57,58,59,60,61,62,63,64,65,66,67,68,69,70,71,72,73,74,75,76,77,78,79,80,81,82,83,84,85,86,87,88,89,90,91,92,93,94,95,96,97,98,99,100,101,102,103,104,105,106,107,108,109,110,111,112],"scope":"global","message":"Scope check completed for permission: users"}
DB_COUNT:{"count":"294"}
DB_RESULTS_LENGTH:10

=== CHECK-SCOPE RESPONSE (2025-12-09T15:33:56.821Z) ===
{"success":true,"userIds":[2,3,4,5,6,7,8,9,10,11,12,13,14,15,16,17,18,19,20,21,22,23,24,25,26,27,28,29,30,31,32,33,34,35,36,37,38,39,40,41,42,43,44,45,46,47,48,49,50,51,52,53,54,55,56,57,58,59,60,61,62,63,64,65,66,67,68,69,70,71,72,73,74,75,76,77,78,79,80,81,82,83,84,85,86,87,88,89,90,91,92,93,94,95,96,97,98,99,100,101,102,103,104,105,106,107,108,109,110,111,112],"scope":"global","message":"Scope check completed for permission: users"}
DB_COUNT:{"count":"294"}
DB_RESULTS_LENGTH:10

=== CHECK-SCOPE RESPONSE (2025-12-09T15:33:58.447Z) ===
{"success":true,"userIds":[2,3,4,5,6,7,8,9,10,11,12,13,14,15,16,17,18,19,20,21,22,23,24,25,26,27,28,29,30,31,32,33,34,35,36,37,38,39,40,41,42,43,44,45,46,47,48,49,50,51,52,53,54,55,56,57,58,59,60,61,62,63,64,65,66,67,68,69,70,71,72,73,74,75,76,77,78,79,80,81,82,83,84,85,86,87,88,89,90,91,92,93,94,95,96,97,98,99,100,101,102,103,104,105,106,107,108,109,110,111,112],"scope":"global","message":"Scope check completed for permission: users"}
DB_COUNT:{"count":"294"}
DB_RESULTS_LENGTH:10

=== CHECK-SCOPE RESPONSE (2025-12-09T15:33:59.714Z) ===
{"success":true,"userIds":[2,3,4,5,6,7,8,9,10,11,12,13,14,15,16,17,18,19,20,21,22,23,24,25,26,27,28,29,30,31,32,33,34,35,36,37,38,39,40,41,42,43,44,45,46,47,48,49,50,51,52,53,54,55,56,57,58,59,60,61,62,63,64,65,66,67,68,69,70,71,72,73,74,75,76,77,78,79,80,81,82,83,84,85,86,87,88,89,90,91,92,93,94,95,96,97,98,99,100,101,102,103,104,105,106,107,108,109,110,111,112],"scope":"global","message":"Scope check completed for permission: users"}
DB_COUNT:{"count":"294"}
DB_RESULTS_LENGTH:10

=== CHECK-SCOPE RESPONSE (2025-12-09T15:33:59.972Z) ===
{"success":true,"userIds":[2,3,4,5,6,7,8,9,10,11,12,13,14,15,16,17,18,19,20,21,22,23,24,25,26,27,28,29,30,31,32,33,34,35,36,37,38,39,40,41,42,43,44,45,46,47,48,49,50,51,52,53,54,55,56,57,58,59,60,61,62,63,64,65,66,67,68,69,70,71,72,73,74,75,76,77,78,79,80,81,82,83,84,85,86,87,88,89,90,91,92,93,94,95,96,97,98,99,100,101,102,103,104,105,106,107,108,109,110,111,112],"scope":"global","message":"Scope check completed for permission: users"}
DB_COUNT:{"count":"294"}
DB_RESULTS_LENGTH:10

=== CHECK-SCOPE RESPONSE (2025-12-09T15:34:01.395Z) ===
{"success":true,"userIds":[2,3,4,5,6,7,8,9,10,11,12,13,14,15,16,17,18,19,20,21,22,23,24,25,26,27,28,29,30,31,32,33,34,35,36,37,38,39,40,41,42,43,44,45,46,47,48,49,50,51,52,53,54,55,56,57,58,59,60,61,62,63,64,65,66,67,68,69,70,71,72,73,74,75,76,77,78,79,80,81,82,83,84,85,86,87,88,89,90,91,92,93,94,95,96,97,98,99,100,101,102,103,104,105,106,107,108,109,110,111,112],"scope":"global","message":"Scope check completed for permission: users"}
DB_COUNT:{"count":"294"}
DB_RESULTS_LENGTH:10

=== CHECK-SCOPE RESPONSE (2025-12-09T15:34:11.168Z) ===
{"success":true,"userIds":[2,3,4,5,6,7,8,9,10,11,12,13,14,15,16,17,18,19,20,21,22,23,24,25,26,27,28,29,30,31,32,33,34,35,36,37,38,39,40,41,42,43,44,45,46,47,48,49,50,51,52,53,54,55,56,57,58,59,60,61,62,63,64,65,66,67,68,69,70,71,72,73,74,75,76,77,78,79,80,81,82,83,84,85,86,87,88,89,90,91,92,93,94,95,96,97,98,99,100,101,102,103,104,105,106,107,108,109,110,111,112],"scope":"global","message":"Scope check completed for permission: users"}
DB_COUNT:{"count":"294"}
DB_RESULTS_LENGTH:10

=== CHECK-SCOPE RESPONSE (2025-12-09T15:34:16.740Z) ===
{"success":true,"userIds":[2,3,4,5,6,7,8,9,10,11,12,13,14,15,16,17,18,19,20,21,22,23,24,25,26,27,28,29,30,31,32,33,34,35,36,37,38,39,40,41,42,43,44,45,46,47,48,49,50,51,52,53,54,55,56,57,58,59,60,61,62,63,64,65,66,67,68,69,70,71,72,73,74,75,76,77,78,79,80,81,82,83,84,85,86,87,88,89,90,91,92,93,94,95,96,97,98,99,100,101,102,103,104,105,106,107,108,109,110,111,112],"scope":"global","message":"Scope check completed for permission: users"}
DB_COUNT:{"count":"294"}
DB_RESULTS_LENGTH:20

=== CHECK-SCOPE RESPONSE (2025-12-09T15:34:28.318Z) ===
{"success":true,"userIds":[2,3,4,5,6,7,8,9,10,11,12,13,14,15,16,17,18,19,20,21,22,23,24,25,26,27,28,29,30,31,32,33,34,35,36,37,38,39,40,41,42,43,44,45,46,47,48,49,50,51,52,53,54,55,56,57,58,59,60,61,62,63,64,65,66,67,68,69,70,71,72,73,74,75,76,77,78,79,80,81,82,83,84,85,86,87,88,89,90,91,92,93,94,95,96,97,98,99,100,101,102,103,104,105,106,107,108,109,110,111,112],"scope":"global","message":"Scope check completed for permission: users"}
DB_COUNT:{"count":"294"}
DB_RESULTS_LENGTH:20

=== CHECK-SCOPE RESPONSE (2025-12-09T15:34:35.496Z) ===
{"success":true,"userIds":[2,3,4,5,6,7,8,9,10,11,12,13,14,15,16,17,18,19,20,21,22,23,24,25,26,27,28,29,30,31,32,33,34,35,36,37,38,39,40,41,42,43,44,45,46,47,48,49,50,51,52,53,54,55,56,57,58,59,60,61,62,63,64,65,66,67,68,69,70,71,72,73,74,75,76,77,78,79,80,81,82,83,84,85,86,87,88,89,90,91,92,93,94,95,96,97,98,99,100,101,102,103,104,105,106,107,108,109,110,111,112],"scope":"global","message":"Scope check completed for permission: users"}
DB_COUNT:{"count":"294"}
DB_RESULTS_LENGTH:20

=== CHECK-SCOPE RESPONSE (2025-12-09T15:34:41.226Z) ===
{"success":true,"userIds":[2,3,4,5,6,7,8,9,10,11,12,13,14,15,16,17,18,19,20,21,22,23,24,25,26,27,28,29,30,31,32,33,34,35,36,37,38,39,40,41,42,43,44,45,46,47,48,49,50,51,52,53,54,55,56,57,58,59,60,61,62,63,64,65,66,67,68,69,70,71,72,73,74,75,76,77,78,79,80,81,82,83,84,85,86,87,88,89,90,91,92,93,94,95,96,97,98,99,100,101,102,103,104,105,106,107,108,109,110,111,112],"scope":"global","message":"Scope check completed for permission: users"}
DB_COUNT:{"count":"294"}
DB_RESULTS_LENGTH:20

=== CHECK-SCOPE RESPONSE (2025-12-09T15:34:49.373Z) ===
{"success":true,"userIds":[2,3,4,5,6,7,8,9,10,11,12,13,14,15,16,17,18,19,20,21,22,23,24,25,26,27,28,29,30,31,32,33,34,35,36,37,38,39,40,41,42,43,44,45,46,47,48,49,50,51,52,53,54,55,56,57,58,59,60,61,62,63,64,65,66,67,68,69,70,71,72,73,74,75,76,77,78,79,80,81,82,83,84,85,86,87,88,89,90,91,92,93,94,95,96,97,98,99,100,101,102,103,104,105,106,107,108,109,110,111,112],"scope":"global","message":"Scope check completed for permission: users"}
DB_COUNT:{"count":"294"}
DB_RESULTS_LENGTH:10

=== CHECK-SCOPE RESPONSE (2025-12-09T15:34:57.601Z) ===
{"success":true,"userIds":[2,3,4,5,6,7,8,9,10,11,12,13,14,15,16,17,18,19,20,21,22,23,24,25,26,27,28,29,30,31,32,33,34,35,36,37,38,39,40,41,42,43,44,45,46,47,48,49,50,51,52,53,54,55,56,57,58,59,60,61,62,63,64,65,66,67,68,69,70,71,72,73,74,75,76,77,78,79,80,81,82,83,84,85,86,87,88,89,90,91,92,93,94,95,96,97,98,99,100,101,102,103,104,105,106,107,108,109,110,111,112],"scope":"global","message":"Scope check completed for permission: users"}
DB_COUNT:{"count":"294"}
DB_RESULTS_LENGTH:10

=== CHECK-SCOPE RESPONSE (2025-12-09T15:40:24.224Z) ===
{"success":true,"userIds":[2,3,4,5,6,7,8,9,10,11,12,13,14,15,16,17,18,19,20,21,22,23,24,25,26,27,28,29,30,31,32,33,34,35,36,37,38,39,40,41,42,43,44,45,46,47,48,49,50,51,52,53,54,55,56,57,58,59,60,61,62,63,64,65,66,67,68,69,70,71,72,73,74,75,76,77,78,79,80,81,82,83,84,85,86,87,88,89,90,91,92,93,94,95,96,97,98,99,100,101,102,103,104,105,106,107,108,109,110,111,112],"scope":"global","message":"Scope check completed for permission: users"}
DB_COUNT:{"count":"294"}
DB_RESULTS_LENGTH:20

=== CHECK-SCOPE RESPONSE (2025-12-09T15:47:47.001Z) ===
{"success":true,"userIds":[2,3,4,5,6,7,8,9,10,11,12,13,14,15,16,17,18,19,20,21,22,23,24,25,26,27,28,29,30,31,32,33,34,35,36,37,38,39,40,41,42,43,44,45,46,47,48,49,50,51,52,53,54,55,56,57,58,59,60,61,62,63,64,65,66,67,68,69,70,71,72,73,74,75,76,77,78,79,80,81,82,83,84,85,86,87,88,89,90,91,92,93,94,95,96,97,98,99,100,101,102,103,104,105,106,107,108,109,110,111,112],"scope":"global","message":"Scope check completed for permission: users"}
DB_COUNT:{"count":"294"}
DB_RESULTS_LENGTH:20

=== CHECK-SCOPE RESPONSE (2025-12-09T17:08:39.081Z) ===
{"success":true,"userIds":[2,3,4,5,6,7,8,9,10,11,12,13,14,15,16,17,18,19,20,21,22,23,24,25,26,27,28,29,30,31,32,33,34,35,36,37,38,39,40,41,42,43,44,45,46,47,48,49,50,51,52,53,54,55,56,57,58,59,60,61,62,63,64,65,66,67,68,69,70,71,72,73,74,75,76,77,78,79,80,81,82,83,84,85,86,87,88,89,90,91,92,93,94,95,96,97,98,99,100,101,102,103,104,105,106,107,108,109,110,111,112],"scope":"global","message":"Scope check completed for permission: users"}
DB_COUNT:{"count":"294"}
DB_RESULTS_LENGTH:20

=== CHECK-SCOPE RESPONSE (2025-12-09T17:44:41.757Z) ===
{"success":true,"userIds":[2,3,4,5,6,7,8,9,10,11,12,13,14,15,16,17,18,19,20,21,22,23,24,25,26,27,28,29,30,31,32,33,34,35,36,37,38,39,40,41,42,43,44,45,46,47,48,49,50,51,52,53,54,55,56,57,58,59,60,61,62,63,64,65,66,67,68,69,70,71,72,73,74,75,76,77,78,79,80,81,82,83,84,85,86,87,88,89,90,91,92,93,94,95,96,97,98,99,100,101,102,103,104,105,106,107,108,109,110,111,112],"scope":"global","message":"Scope check completed for permission: users"}
DB_COUNT:{"count":"294"}
DB_RESULTS_LENGTH:20

=== CHECK-SCOPE RESPONSE (2025-12-09T17:44:46.372Z) ===
{"success":true,"userIds":[2,3,4,5,6,7,8,9,10,11,12,13,14,15,16,17,18,19,20,21,22,23,24,25,26,27,28,29,30,31,32,33,34,35,36,37,38,39,40,41,42,43,44,45,46,47,48,49,50,51,52,53,54,55,56,57,58,59,60,61,62,63,64,65,66,67,68,69,70,71,72,73,74,75,76,77,78,79,80,81,82,83,84,85,86,87,88,89,90,91,92,93,94,95,96,97,98,99,100,101,102,103,104,105,106,107,108,109,110,111,112],"scope":"global","message":"Scope check completed for permission: users"}
DB_COUNT:{"count":"294"}
DB_RESULTS_LENGTH:10

=== CHECK-SCOPE RESPONSE (2025-12-09T17:44:48.150Z) ===
{"success":true,"userIds":[2,3,4,5,6,7,8,9,10,11,12,13,14,15,16,17,18,19,20,21,22,23,24,25,26,27,28,29,30,31,32,33,34,35,36,37,38,39,40,41,42,43,44,45,46,47,48,49,50,51,52,53,54,55,56,57,58,59,60,61,62,63,64,65,66,67,68,69,70,71,72,73,74,75,76,77,78,79,80,81,82,83,84,85,86,87,88,89,90,91,92,93,94,95,96,97,98,99,100,101,102,103,104,105,106,107,108,109,110,111,112],"scope":"global","message":"Scope check completed for permission: users"}
DB_COUNT:{"count":"294"}
DB_RESULTS_LENGTH:10

=== CHECK-SCOPE RESPONSE (2025-12-09T17:44:51.705Z) ===
{"success":true,"userIds":[2,3,4,5,6,7,8,9,10,11,12,13,14,15,16,17,18,19,20,21,22,23,24,25,26,27,28,29,30,31,32,33,34,35,36,37,38,39,40,41,42,43,44,45,46,47,48,49,50,51,52,53,54,55,56,57,58,59,60,61,62,63,64,65,66,67,68,69,70,71,72,73,74,75,76,77,78,79,80,81,82,83,84,85,86,87,88,89,90,91,92,93,94,95,96,97,98,99,100,101,102,103,104,105,106,107,108,109,110,111,112],"scope":"global","message":"Scope check completed for permission: users"}
DB_COUNT:{"count":"294"}
DB_RESULTS_LENGTH:10

=== CHECK-SCOPE RESPONSE (2025-12-09T17:44:55.726Z) ===
{"success":true,"userIds":[2,3,4,5,6,7,8,9,10,11,12,13,14,15,16,17,18,19,20,21,22,23,24,25,26,27,28,29,30,31,32,33,34,35,36,37,38,39,40,41,42,43,44,45,46,47,48,49,50,51,52,53,54,55,56,57,58,59,60,61,62,63,64,65,66,67,68,69,70,71,72,73,74,75,76,77,78,79,80,81,82,83,84,85,86,87,88,89,90,91,92,93,94,95,96,97,98,99,100,101,102,103,104,105,106,107,108,109,110,111,112],"scope":"global","message":"Scope check completed for permission: users"}
DB_COUNT:{"count":"294"}
DB_RESULTS_LENGTH:10

=== CHECK-SCOPE RESPONSE (2025-12-09T17:44:57.626Z) ===
{"success":true,"userIds":[2,3,4,5,6,7,8,9,10,11,12,13,14,15,16,17,18,19,20,21,22,23,24,25,26,27,28,29,30,31,32,33,34,35,36,37,38,39,40,41,42,43,44,45,46,47,48,49,50,51,52,53,54,55,56,57,58,59,60,61,62,63,64,65,66,67,68,69,70,71,72,73,74,75,76,77,78,79,80,81,82,83,84,85,86,87,88,89,90,91,92,93,94,95,96,97,98,99,100,101,102,103,104,105,106,107,108,109,110,111,112],"scope":"global","message":"Scope check completed for permission: users"}
DB_COUNT:{"count":"294"}
DB_RESULTS_LENGTH:10

=== CHECK-SCOPE RESPONSE (2025-12-09T17:50:38.070Z) ===
{"success":true,"userIds":[2,3,4,5,6,7,8,9,10,11,12,13,14,15,16,17,18,19,20,21,22,23,24,25,26,27,28,29,30,31,32,33,34,35,36,37,38,39,40,41,42,43,44,45,46,47,48,49,50,51,52,53,54,55,56,57,58,59,60,61,62,63,64,65,66,67,68,69,70,71,72,73,74,75,76,77,78,79,80,81,82,83,84,85,86,87,88,89,90,91,92,93,94,95,96,97,98,99,100,101,102,103,104,105,106,107,108,109,110,111,112],"scope":"global","message":"Scope check completed for permission: users"}
DB_COUNT:{"count":"294"}
DB_RESULTS_LENGTH:10

=== CHECK-SCOPE RESPONSE (2025-12-09T18:11:02.292Z) ===
{"success":true,"userIds":[2,3,4,5,6,7,8,9,10,11,12,13,14,15,16,17,18,19,20,21,22,23,24,25,26,27,28,29,30,31,32,33,34,35,36,37,38,39,40,41,42,43,44,45,46,47,48,49,50,51,52,53,54,55,56,57,58,59,60,61,62,63,64,65,66,67,68,69,70,71,72,73,74,75,76,77,78,79,80,81,82,83,84,85,86,87,88,89,90,91,92,93,94,95,96,97,98,99,100,101,102,103,104,105,106,107,108,109,110,111,112],"scope":"global","message":"Scope check completed for permission: users"}
DB_COUNT:{"count":"294"}
DB_RESULTS_LENGTH:20

=== CHECK-SCOPE RESPONSE (2025-12-09T18:25:12.513Z) ===
{"success":true,"userIds":[2,3,4,5,6,7,8,9,10,11,12,13,14,15,16,17,18,19,20,21,22,23,24,25,26,27,28,29,30,31,32,33,34,35,36,37,38,39,40,41,42,43,44,45,46,47,48,49,50,51,52,53,54,55,56,57,58,59,60,61,62,63,64,65,66,67,68,69,70,71,72,73,74,75,76,77,78,79,80,81,82,83,84,85,86,87,88,89,90,91,92,93,94,95,96,97,98,99,100,101,102,103,104,105,106,107,108,109,110,111,112],"scope":"global","message":"Scope check completed for permission: users"}
DB_COUNT:{"count":"294"}
DB_RESULTS_LENGTH:20

=== CHECK-SCOPE RESPONSE (2025-12-09T18:46:50.287Z) ===
{"success":true,"userIds":[2,3,4,5,6,7,8,9,10,11,12,13,14,15,16,17,18,19,20,21,22,23,24,25,26,27,28,29,30,31,32,33,34,35,36,37,38,39,40,41,42,43,44,45,46,47,48,49,50,51,52,53,54,55,56,57,58,59,60,61,62,63,64,65,66,67,68,69,70,71,72,73,74,75,76,77,78,79,80,81,82,83,84,85,86,87,88,89,90,91,92,93,94,95,96,97,98,99,100,101,102,103,104,105,106,107,108,109,110,111,112],"scope":"global","message":"Scope check completed for permission: users"}
DB_COUNT:{"count":"294"}
DB_RESULTS_LENGTH:20

=== CHECK-SCOPE RESPONSE (2025-12-09T18:55:32.618Z) ===
{"success":true,"userIds":[2,3,4,5,6,7,8,9,10,11,12,13,14,15,16,17,18,19,20,21,22,23,24,25,26,27,28,29,30,31,32,33,34,35,36,37,38,39,40,41,42,43,44,45,46,47,48,49,50,51,52,53,54,55,56,57,58,59,60,61,62,63,64,65,66,67,68,69,70,71,72,73,74,75,76,77,78,79,80,81,82,83,84,85,86,87,88,89,90,91,92,93,94,95,96,97,98,99,100,101,102,103,104,105,106,107,108,109,110,111,112],"scope":"global","message":"Scope check completed for permission: users"}
DB_COUNT:{"count":"294"}
DB_RESULTS_LENGTH:20

=== CHECK-SCOPE RESPONSE (2025-12-09T18:55:34.384Z) ===
{"success":true,"userIds":[2,3,4,5,6,7,8,9,10,11,12,13,14,15,16,17,18,19,20,21,22,23,24,25,26,27,28,29,30,31,32,33,34,35,36,37,38,39,40,41,42,43,44,45,46,47,48,49,50,51,52,53,54,55,56,57,58,59,60,61,62,63,64,65,66,67,68,69,70,71,72,73,74,75,76,77,78,79,80,81,82,83,84,85,86,87,88,89,90,91,92,93,94,95,96,97,98,99,100,101,102,103,104,105,106,107,108,109,110,111,112],"scope":"global","message":"Scope check completed for permission: users"}
DB_COUNT:{"count":"294"}
DB_RESULTS_LENGTH:20

=== CHECK-SCOPE RESPONSE (2025-12-09T18:55:41.768Z) ===
{"success":true,"userIds":[2,3,4,5,6,7,8,9,10,11,12,13,14,15,16,17,18,19,20,21,22,23,24,25,26,27,28,29,30,31,32,33,34,35,36,37,38,39,40,41,42,43,44,45,46,47,48,49,50,51,52,53,54,55,56,57,58,59,60,61,62,63,64,65,66,67,68,69,70,71,72,73,74,75,76,77,78,79,80,81,82,83,84,85,86,87,88,89,90,91,92,93,94,95,96,97,98,99,100,101,102,103,104,105,106,107,108,109,110,111,112],"scope":"global","message":"Scope check completed for permission: users"}
DB_COUNT:{"count":"294"}
DB_RESULTS_LENGTH:20

=== CHECK-SCOPE RESPONSE (2025-12-09T18:55:43.392Z) ===
{"success":true,"userIds":[2,3,4,5,6,7,8,9,10,11,12,13,14,15,16,17,18,19,20,21,22,23,24,25,26,27,28,29,30,31,32,33,34,35,36,37,38,39,40,41,42,43,44,45,46,47,48,49,50,51,52,53,54,55,56,57,58,59,60,61,62,63,64,65,66,67,68,69,70,71,72,73,74,75,76,77,78,79,80,81,82,83,84,85,86,87,88,89,90,91,92,93,94,95,96,97,98,99,100,101,102,103,104,105,106,107,108,109,110,111,112],"scope":"global","message":"Scope check completed for permission: users"}
DB_COUNT:{"count":"294"}
DB_RESULTS_LENGTH:20

=== CHECK-SCOPE RESPONSE (2025-12-09T18:55:44.727Z) ===
{"success":true,"userIds":[2,3,4,5,6,7,8,9,10,11,12,13,14,15,16,17,18,19,20,21,22,23,24,25,26,27,28,29,30,31,32,33,34,35,36,37,38,39,40,41,42,43,44,45,46,47,48,49,50,51,52,53,54,55,56,57,58,59,60,61,62,63,64,65,66,67,68,69,70,71,72,73,74,75,76,77,78,79,80,81,82,83,84,85,86,87,88,89,90,91,92,93,94,95,96,97,98,99,100,101,102,103,104,105,106,107,108,109,110,111,112],"scope":"global","message":"Scope check completed for permission: users"}
DB_COUNT:{"count":"294"}
DB_RESULTS_LENGTH:20

=== CHECK-SCOPE RESPONSE (2025-12-09T18:55:46.007Z) ===
{"success":true,"userIds":[2,3,4,5,6,7,8,9,10,11,12,13,14,15,16,17,18,19,20,21,22,23,24,25,26,27,28,29,30,31,32,33,34,35,36,37,38,39,40,41,42,43,44,45,46,47,48,49,50,51,52,53,54,55,56,57,58,59,60,61,62,63,64,65,66,67,68,69,70,71,72,73,74,75,76,77,78,79,80,81,82,83,84,85,86,87,88,89,90,91,92,93,94,95,96,97,98,99,100,101,102,103,104,105,106,107,108,109,110,111,112],"scope":"global","message":"Scope check completed for permission: users"}
DB_COUNT:{"count":"294"}
DB_RESULTS_LENGTH:20

=== CHECK-SCOPE RESPONSE (2025-12-09T18:55:51.346Z) ===
{"success":true,"userIds":[2,3,4,5,6,7,8,9,10,11,12,13,14,15,16,17,18,19,20,21,22,23,24,25,26,27,28,29,30,31,32,33,34,35,36,37,38,39,40,41,42,43,44,45,46,47,48,49,50,51,52,53,54,55,56,57,58,59,60,61,62,63,64,65,66,67,68,69,70,71,72,73,74,75,76,77,78,79,80,81,82,83,84,85,86,87,88,89,90,91,92,93,94,95,96,97,98,99,100,101,102,103,104,105,106,107,108,109,110,111,112],"scope":"global","message":"Scope check completed for permission: users"}
DB_COUNT:{"count":"294"}
DB_RESULTS_LENGTH:20

=== CHECK-SCOPE RESPONSE (2025-12-09T18:55:55.346Z) ===
{"success":true,"userIds":[2,3,4,5,6,7,8,9,10,11,12,13,14,15,16,17,18,19,20,21,22,23,24,25,26,27,28,29,30,31,32,33,34,35,36,37,38,39,40,41,42,43,44,45,46,47,48,49,50,51,52,53,54,55,56,57,58,59,60,61,62,63,64,65,66,67,68,69,70,71,72,73,74,75,76,77,78,79,80,81,82,83,84,85,86,87,88,89,90,91,92,93,94,95,96,97,98,99,100,101,102,103,104,105,106,107,108,109,110,111,112],"scope":"global","message":"Scope check completed for permission: users"}
DB_COUNT:{"count":"0"}
DB_RESULTS_LENGTH:0

=== CHECK-SCOPE RESPONSE (2025-12-09T18:56:00.465Z) ===
{"success":true,"userIds":[2,3,4,5,6,7,8,9,10,11,12,13,14,15,16,17,18,19,20,21,22,23,24,25,26,27,28,29,30,31,32,33,34,35,36,37,38,39,40,41,42,43,44,45,46,47,48,49,50,51,52,53,54,55,56,57,58,59,60,61,62,63,64,65,66,67,68,69,70,71,72,73,74,75,76,77,78,79,80,81,82,83,84,85,86,87,88,89,90,91,92,93,94,95,96,97,98,99,100,101,102,103,104,105,106,107,108,109,110,111,112],"scope":"global","message":"Scope check completed for permission: users"}
DB_COUNT:{"count":"294"}
DB_RESULTS_LENGTH:20

=== CHECK-SCOPE RESPONSE (2025-12-09T18:56:08.045Z) ===
{"success":true,"userIds":[2,3,4,5,6,7,8,9,10,11,12,13,14,15,16,17,18,19,20,21,22,23,24,25,26,27,28,29,30,31,32,33,34,35,36,37,38,39,40,41,42,43,44,45,46,47,48,49,50,51,52,53,54,55,56,57,58,59,60,61,62,63,64,65,66,67,68,69,70,71,72,73,74,75,76,77,78,79,80,81,82,83,84,85,86,87,88,89,90,91,92,93,94,95,96,97,98,99,100,101,102,103,104,105,106,107,108,109,110,111,112],"scope":"global","message":"Scope check completed for permission: users"}
DB_COUNT:{"count":"294"}
DB_RESULTS_LENGTH:20

=== CHECK-SCOPE RESPONSE (2025-12-09T18:56:09.205Z) ===
{"success":true,"userIds":[2,3,4,5,6,7,8,9,10,11,12,13,14,15,16,17,18,19,20,21,22,23,24,25,26,27,28,29,30,31,32,33,34,35,36,37,38,39,40,41,42,43,44,45,46,47,48,49,50,51,52,53,54,55,56,57,58,59,60,61,62,63,64,65,66,67,68,69,70,71,72,73,74,75,76,77,78,79,80,81,82,83,84,85,86,87,88,89,90,91,92,93,94,95,96,97,98,99,100,101,102,103,104,105,106,107,108,109,110,111,112],"scope":"global","message":"Scope check completed for permission: users"}
DB_COUNT:{"count":"294"}
DB_RESULTS_LENGTH:20

=== CHECK-SCOPE RESPONSE (2025-12-09T18:56:30.686Z) ===
{"success":true,"userIds":[2,3,4,5,6,7,8,9,10,11,12,13,14,15,16,17,18,19,20,21,22,23,24,25,26,27,28,29,30,31,32,33,34,35,36,37,38,39,40,41,42,43,44,45,46,47,48,49,50,51,52,53,54,55,56,57,58,59,60,61,62,63,64,65,66,67,68,69,70,71,72,73,74,75,76,77,78,79,80,81,82,83,84,85,86,87,88,89,90,91,92,93,94,95,96,97,98,99,100,101,102,103,104,105,106,107,108,109,110,111,112],"scope":"global","message":"Scope check completed for permission: users"}
DB_COUNT:{"count":"294"}
DB_RESULTS_LENGTH:20

=== CHECK-SCOPE RESPONSE (2025-12-10T03:09:11.949Z) ===
{"success":true,"userIds":[2,3,4,5,6,7,8,9,10,11,12,13,14,15,16,17,18,19,20,21,22,23,24,25,26,27,28,29,30,31,32,33,34,35,36,37,38,39,40,41,42,43,44,45,46,47,48,49,50,51,52,53,54,55,56,57,58,59,60,61,62,63,64,65,66,67,68,69,70,71,72,73,74,75,76,77,78,79,80,81,82,83,84,85,86,87,88,89,90,91,92,93,94,95,96,97,98,99,100,101,102,103,104,105,106,107,108,109,110,111,112],"scope":"global","message":"Scope check completed for permission: users"}
DB_COUNT:{"count":"294"}
DB_RESULTS_LENGTH:20

=== CHECK-SCOPE RESPONSE (2025-12-10T03:09:15.214Z) ===
{"success":true,"userIds":[2,3,4,5,6,7,8,9,10,11,12,13,14,15,16,17,18,19,20,21,22,23,24,25,26,27,28,29,30,31,32,33,34,35,36,37,38,39,40,41,42,43,44,45,46,47,48,49,50,51,52,53,54,55,56,57,58,59,60,61,62,63,64,65,66,67,68,69,70,71,72,73,74,75,76,77,78,79,80,81,82,83,84,85,86,87,88,89,90,91,92,93,94,95,96,97,98,99,100,101,102,103,104,105,106,107,108,109,110,111,112],"scope":"global","message":"Scope check completed for permission: users"}
DB_COUNT:{"count":"294"}
DB_RESULTS_LENGTH:20

=== CHECK-SCOPE RESPONSE (2025-12-10T03:09:16.939Z) ===
{"success":true,"userIds":[2,3,4,5,6,7,8,9,10,11,12,13,14,15,16,17,18,19,20,21,22,23,24,25,26,27,28,29,30,31,32,33,34,35,36,37,38,39,40,41,42,43,44,45,46,47,48,49,50,51,52,53,54,55,56,57,58,59,60,61,62,63,64,65,66,67,68,69,70,71,72,73,74,75,76,77,78,79,80,81,82,83,84,85,86,87,88,89,90,91,92,93,94,95,96,97,98,99,100,101,102,103,104,105,106,107,108,109,110,111,112],"scope":"global","message":"Scope check completed for permission: users"}
DB_COUNT:{"count":"294"}
DB_RESULTS_LENGTH:20

=== CHECK-SCOPE RESPONSE (2025-12-10T03:09:18.420Z) ===
{"success":true,"userIds":[2,3,4,5,6,7,8,9,10,11,12,13,14,15,16,17,18,19,20,21,22,23,24,25,26,27,28,29,30,31,32,33,34,35,36,37,38,39,40,41,42,43,44,45,46,47,48,49,50,51,52,53,54,55,56,57,58,59,60,61,62,63,64,65,66,67,68,69,70,71,72,73,74,75,76,77,78,79,80,81,82,83,84,85,86,87,88,89,90,91,92,93,94,95,96,97,98,99,100,101,102,103,104,105,106,107,108,109,110,111,112],"scope":"global","message":"Scope check completed for permission: users"}
DB_COUNT:{"count":"294"}
DB_RESULTS_LENGTH:20

=== CHECK-SCOPE RESPONSE (2025-12-10T03:09:21.950Z) ===
{"success":true,"userIds":[2,3,4,5,6,7,8,9,10,11,12,13,14,15,16,17,18,19,20,21,22,23,24,25,26,27,28,29,30,31,32,33,34,35,36,37,38,39,40,41,42,43,44,45,46,47,48,49,50,51,52,53,54,55,56,57,58,59,60,61,62,63,64,65,66,67,68,69,70,71,72,73,74,75,76,77,78,79,80,81,82,83,84,85,86,87,88,89,90,91,92,93,94,95,96,97,98,99,100,101,102,103,104,105,106,107,108,109,110,111,112],"scope":"global","message":"Scope check completed for permission: users"}
DB_COUNT:{"count":"294"}
DB_RESULTS_LENGTH:20

=== CHECK-SCOPE RESPONSE (2025-12-10T03:09:24.314Z) ===
{"success":true,"userIds":[2,3,4,5,6,7,8,9,10,11,12,13,14,15,16,17,18,19,20,21,22,23,24,25,26,27,28,29,30,31,32,33,34,35,36,37,38,39,40,41,42,43,44,45,46,47,48,49,50,51,52,53,54,55,56,57,58,59,60,61,62,63,64,65,66,67,68,69,70,71,72,73,74,75,76,77,78,79,80,81,82,83,84,85,86,87,88,89,90,91,92,93,94,95,96,97,98,99,100,101,102,103,104,105,106,107,108,109,110,111,112],"scope":"global","message":"Scope check completed for permission: users"}
DB_COUNT:{"count":"294"}
DB_RESULTS_LENGTH:20

=== CHECK-SCOPE RESPONSE (2025-12-10T03:14:07.887Z) ===
{"success":true,"userIds":[2,3,4,5,6,7,8,9,10,11,12,13,14,15,16,17,18,19,20,21,22,23,24,25,26,27,28,29,30,31,32,33,34,35,36,37,38,39,40,41,42,43,44,45,46,47,48,49,50,51,52,53,54,55,56,57,58,59,60,61,62,63,64,65,66,67,68,69,70,71,72,73,74,75,76,77,78,79,80,81,82,83,84,85,86,87,88,89,90,91,92,93,94,95,96,97,98,99,100,101,102,103,104,105,106,107,108,109,110,111,112],"scope":"global","message":"Scope check completed for permission: users"}
DB_COUNT:{"count":"294"}
DB_RESULTS_LENGTH:20

=== CHECK-SCOPE RESPONSE (2025-12-10T03:14:11.457Z) ===
{"success":true,"userIds":[2,3,4,5,6,7,8,9,10,11,12,13,14,15,16,17,18,19,20,21,22,23,24,25,26,27,28,29,30,31,32,33,34,35,36,37,38,39,40,41,42,43,44,45,46,47,48,49,50,51,52,53,54,55,56,57,58,59,60,61,62,63,64,65,66,67,68,69,70,71,72,73,74,75,76,77,78,79,80,81,82,83,84,85,86,87,88,89,90,91,92,93,94,95,96,97,98,99,100,101,102,103,104,105,106,107,108,109,110,111,112],"scope":"global","message":"Scope check completed for permission: users"}
DB_COUNT:{"count":"294"}
DB_RESULTS_LENGTH:20

=== CHECK-SCOPE RESPONSE (2025-12-10T03:14:18.428Z) ===
{"success":true,"userIds":[2,3,4,5,6,7,8,9,10,11,12,13,14,15,16,17,18,19,20,21,22,23,24,25,26,27,28,29,30,31,32,33,34,35,36,37,38,39,40,41,42,43,44,45,46,47,48,49,50,51,52,53,54,55,56,57,58,59,60,61,62,63,64,65,66,67,68,69,70,71,72,73,74,75,76,77,78,79,80,81,82,83,84,85,86,87,88,89,90,91,92,93,94,95,96,97,98,99,100,101,102,103,104,105,106,107,108,109,110,111,112],"scope":"global","message":"Scope check completed for permission: users"}
DB_COUNT:{"count":"294"}
DB_RESULTS_LENGTH:20

=== CHECK-SCOPE RESPONSE (2025-12-10T03:14:21.848Z) ===
{"success":true,"userIds":[2,3,4,5,6,7,8,9,10,11,12,13,14,15,16,17,18,19,20,21,22,23,24,25,26,27,28,29,30,31,32,33,34,35,36,37,38,39,40,41,42,43,44,45,46,47,48,49,50,51,52,53,54,55,56,57,58,59,60,61,62,63,64,65,66,67,68,69,70,71,72,73,74,75,76,77,78,79,80,81,82,83,84,85,86,87,88,89,90,91,92,93,94,95,96,97,98,99,100,101,102,103,104,105,106,107,108,109,110,111,112],"scope":"global","message":"Scope check completed for permission: users"}
DB_COUNT:{"count":"294"}
DB_RESULTS_LENGTH:20

=== CHECK-SCOPE RESPONSE (2025-12-10T03:14:25.377Z) ===
{"success":true,"userIds":[2,3,4,5,6,7,8,9,10,11,12,13,14,15,16,17,18,19,20,21,22,23,24,25,26,27,28,29,30,31,32,33,34,35,36,37,38,39,40,41,42,43,44,45,46,47,48,49,50,51,52,53,54,55,56,57,58,59,60,61,62,63,64,65,66,67,68,69,70,71,72,73,74,75,76,77,78,79,80,81,82,83,84,85,86,87,88,89,90,91,92,93,94,95,96,97,98,99,100,101,102,103,104,105,106,107,108,109,110,111,112],"scope":"global","message":"Scope check completed for permission: users"}
DB_COUNT:{"count":"294"}
DB_RESULTS_LENGTH:20

=== CHECK-SCOPE RESPONSE (2025-12-10T03:14:28.181Z) ===
{"success":true,"userIds":[2,3,4,5,6,7,8,9,10,11,12,13,14,15,16,17,18,19,20,21,22,23,24,25,26,27,28,29,30,31,32,33,34,35,36,37,38,39,40,41,42,43,44,45,46,47,48,49,50,51,52,53,54,55,56,57,58,59,60,61,62,63,64,65,66,67,68,69,70,71,72,73,74,75,76,77,78,79,80,81,82,83,84,85,86,87,88,89,90,91,92,93,94,95,96,97,98,99,100,101,102,103,104,105,106,107,108,109,110,111,112],"scope":"global","message":"Scope check completed for permission: users"}
DB_COUNT:{"count":"294"}
DB_RESULTS_LENGTH:100

=== CHECK-SCOPE RESPONSE (2025-12-10T03:14:38.973Z) ===
{"success":true,"userIds":[2,3,4,5,6,7,8,9,10,11,12,13,14,15,16,17,18,19,20,21,22,23,24,25,26,27,28,29,30,31,32,33,34,35,36,37,38,39,40,41,42,43,44,45,46,47,48,49,50,51,52,53,54,55,56,57,58,59,60,61,62,63,64,65,66,67,68,69,70,71,72,73,74,75,76,77,78,79,80,81,82,83,84,85,86,87,88,89,90,91,92,93,94,95,96,97,98,99,100,101,102,103,104,105,106,107,108,109,110,111,112],"scope":"global","message":"Scope check completed for permission: users"}
DB_COUNT:{"count":"294"}
DB_RESULTS_LENGTH:100

=== CHECK-SCOPE RESPONSE (2025-12-10T03:14:50.388Z) ===
{"success":true,"userIds":[2,3,4,5,6,7,8,9,10,11,12,13,14,15,16,17,18,19,20,21,22,23,24,25,26,27,28,29,30,31,32,33,34,35,36,37,38,39,40,41,42,43,44,45,46,47,48,49,50,51,52,53,54,55,56,57,58,59,60,61,62,63,64,65,66,67,68,69,70,71,72,73,74,75,76,77,78,79,80,81,82,83,84,85,86,87,88,89,90,91,92,93,94,95,96,97,98,99,100,101,102,103,104,105,106,107,108,109,110,111,112],"scope":"global","message":"Scope check completed for permission: users"}
DB_COUNT:{"count":"294"}
DB_RESULTS_LENGTH:94
